
There are no discarded input sections

Memory Configuration

Name             Origin             Length             Attributes
FLASH            0x08000000         0x00080000         xr
RAM              0x20000000         0x00020000         xrw
*default*        0x00000000         0xffffffff

Linker script and memory map

LOAD /tmp/ccDwwnY9.o
LOAD /tmp/cceuRAHv.o
LOAD /tmp/cczpP7HW.o
LOAD /tmp/ccBAQ26y.o

.isr_vector     0x08000000        0x8
 *(.isr_vector)
 .isr_vector    0x08000000        0x8 /tmp/ccDwwnY9.o
                0x08000000                vector_table

.text           0x08000008      0x160
                0x08000008                        . = ALIGN (0x4)
 *(.text)
 .text          0x08000008       0x58 /tmp/ccDwwnY9.o
                0x08000008                Reset_Handler
 .text          0x08000060        0x8 /tmp/cceuRAHv.o
                0x08000060                main
 .text          0x08000068       0xe0 /tmp/cczpP7HW.o
                0x08000068                initializeGPIOA
                0x08000084                setPinOutput
                0x080000cc                setPin
                0x0800011c                togglePin
 .text          0x08000148       0x20 /tmp/ccBAQ26y.o
                0x08000148                delay
 *(.rodata)
                0x08000168                        . = ALIGN (0x4)
                0x08000168                        _etext = .

.glue_7         0x08000168        0x0
 .glue_7        0x08000168        0x0 linker stubs

.glue_7t        0x08000168        0x0
 .glue_7t       0x08000168        0x0 linker stubs

.vfp11_veneer   0x08000168        0x0
 .vfp11_veneer  0x08000168        0x0 linker stubs

.v4_bx          0x08000168        0x0
 .v4_bx         0x08000168        0x0 linker stubs

.iplt           0x08000168        0x0
 .iplt          0x08000168        0x0 /tmp/ccDwwnY9.o

.rel.dyn        0x08000168        0x0
 .rel.iplt      0x08000168        0x0 /tmp/ccDwwnY9.o

.data           0x20000000        0x0 load address 0x08000168
                0x20000000                        . = ALIGN (0x4)
                0x20000000                        _sdata = .
 *(.data)
 .data          0x20000000        0x0 /tmp/ccDwwnY9.o
 .data          0x20000000        0x0 /tmp/cceuRAHv.o
 .data          0x20000000        0x0 /tmp/cczpP7HW.o
 .data          0x20000000        0x0 /tmp/ccBAQ26y.o
                0x20000000                        . = ALIGN (0x4)
                0x20000000                        _edata = .

.igot.plt       0x20000000        0x0 load address 0x08000168
 .igot.plt      0x20000000        0x0 /tmp/ccDwwnY9.o

.bss            0x20000000        0x0 load address 0x08000168
                0x20000000                        . = ALIGN (0x4)
                0x20000000                        _sbss = .
 *(.bss)
 .bss           0x20000000        0x0 /tmp/ccDwwnY9.o
 .bss           0x20000000        0x0 /tmp/cceuRAHv.o
 .bss           0x20000000        0x0 /tmp/cczpP7HW.o
 .bss           0x20000000        0x0 /tmp/ccBAQ26y.o
                0x20000000                        . = ALIGN (0x4)
                0x20000000                        _ebss = .
OUTPUT(firmware.elf elf32-littlearm)
LOAD linker stubs

.debug_info     0x00000000      0x334
 .debug_info    0x00000000      0x102 /tmp/ccDwwnY9.o
 .debug_info    0x00000102       0x83 /tmp/cceuRAHv.o
 .debug_info    0x00000185      0x114 /tmp/cczpP7HW.o
 .debug_info    0x00000299       0x9b /tmp/ccBAQ26y.o

.debug_abbrev   0x00000000      0x1f6
 .debug_abbrev  0x00000000       0xbd /tmp/ccDwwnY9.o
 .debug_abbrev  0x000000bd       0x45 /tmp/cceuRAHv.o
 .debug_abbrev  0x00000102       0x91 /tmp/cczpP7HW.o
 .debug_abbrev  0x00000193       0x63 /tmp/ccBAQ26y.o

.debug_aranges  0x00000000       0x80
 .debug_aranges
                0x00000000       0x20 /tmp/ccDwwnY9.o
 .debug_aranges
                0x00000020       0x20 /tmp/cceuRAHv.o
 .debug_aranges
                0x00000040       0x20 /tmp/cczpP7HW.o
 .debug_aranges
                0x00000060       0x20 /tmp/ccBAQ26y.o

.debug_line     0x00000000      0x249
 .debug_line    0x00000000       0xa0 /tmp/ccDwwnY9.o
 .debug_line    0x000000a0       0x3d /tmp/cceuRAHv.o
 .debug_line    0x000000dd       0xdf /tmp/cczpP7HW.o
 .debug_line    0x000001bc       0x8d /tmp/ccBAQ26y.o

.debug_str      0x00000000      0x1b4
 .debug_str     0x00000000      0x1b4 /tmp/ccDwwnY9.o
                                0x174 (size before relaxing)
 .debug_str     0x000001b4      0x133 /tmp/cceuRAHv.o
 .debug_str     0x000001b4      0x179 /tmp/cczpP7HW.o
 .debug_str     0x000001b4      0x148 /tmp/ccBAQ26y.o

.comment        0x00000000       0x1e
 .comment       0x00000000       0x1e /tmp/ccDwwnY9.o
                                 0x1f (size before relaxing)
 .comment       0x0000001e       0x1f /tmp/cceuRAHv.o
 .comment       0x0000001e       0x1f /tmp/cczpP7HW.o
 .comment       0x0000001e       0x1f /tmp/ccBAQ26y.o

.ARM.attributes
                0x00000000       0x2e
 .ARM.attributes
                0x00000000       0x2e /tmp/ccDwwnY9.o
 .ARM.attributes
                0x0000002e       0x2e /tmp/cceuRAHv.o
 .ARM.attributes
                0x0000005c       0x2e /tmp/cczpP7HW.o
 .ARM.attributes
                0x0000008a       0x2e /tmp/ccBAQ26y.o

.debug_frame    0x00000000      0x138
 .debug_frame   0x00000000       0x30 /tmp/ccDwwnY9.o
 .debug_frame   0x00000030       0x28 /tmp/cceuRAHv.o
 .debug_frame   0x00000058       0xa8 /tmp/cczpP7HW.o
 .debug_frame   0x00000100       0x38 /tmp/ccBAQ26y.o
